// Jest Snapshot v1, https://goo.gl/fbAQLP

exports[`renders correctly 1`] = `
<div
  className="sc-bdvvaa iVrGFR"
>
  6:47:22 PM
</div>
`;
